// Jest Snapshot v1, https://goo.gl/fbAQLP

exports[`LcovToCoverallsParser parse returns coveralls object 1`] = `
{
  "serviceJobId": "",
  "serviceName": "",
  "sourceFiles": [
    {
      "coverage": [
        null,
        null,
        null,
        null,
        null,
      ],
      "name": "src\\coveralls.ts",
      "sourceDigest": "186,161,87,110,122,201,0,24,152,170,162,239,3,69,199,206",
    },
    {
      "coverage": [
        null,
        null,
        null,
        null,
        null,
        null,
        null,
        null,
        null,
        null,
        null,
        null,
        1,
        null,
        null,
        null,
        null,
        null,
        null,
        0,
        0,
        null,
        null,
        null,
        0,
        0,
        null,
        null,
        null,
        2,
        2,
        null,
        null,
        null,
        1,
        null,
        null,
        null,
        null,
        null,
        null,
        null,
        null,
        null,
        null,
        null,
        null,
        null,
      ],
      "name": "src\\coverallsRequestBuilder.ts",
      "sourceDigest": "115,12,181,93,150,22,247,81,188,26,186,19,216,106,61,89",
    },
    {
      "coverage": [
        null,
        null,
        null,
        null,
        null,
        null,
        null,
        0,
      ],
      "name": "src\\index.ts",
      "sourceDigest": "186,35,175,247,145,34,235,154,22,108,51,165,246,29,129,141",
    },
    {
      "coverage": [
        null,
        null,
        null,
        null,
        null,
        null,
        null,
      ],
      "name": "src\\parsers\\coveralls.ts",
      "sourceDigest": "218,53,166,15,22,211,44,202,94,254,211,25,56,0,206,201",
    },
    {
      "coverage": [
        null,
        null,
        null,
        null,
        null,
        null,
        null,
        null,
        1,
        1,
        null,
        null,
        null,
        1,
        null,
        1,
        2,
        null,
        null,
        null,
        null,
        null,
        null,
        1,
        null,
        null,
        null,
        2,
        2,
        2,
        2,
        null,
        null,
        2,
        null,
        null,
        null,
        null,
      ],
      "name": "src\\parsers\\lcov.ts",
      "sourceDigest": "110,212,213,101,216,176,25,238,11,49,88,169,131,255,239,159",
    },
  ],
}
`;
