// Jest Snapshot v1, https://goo.gl/fbAQLP

exports[`LcovToCoverallsParser parse returns coveralls object 1`] = `
CoverallsRequestBuilder {
  "requestObject": {
    "commitSha": "",
    "repoToken": "",
    "serviceJobId": "",
    "serviceName": "",
    "servicePullRequest": "",
    "sourceFiles": [
      {
        "coverage": [
          null,
          1,
          null,
          null,
          null,
          null,
        ],
        "name": "test\\fixtures\\repo\\src\\covered.ts",
        "sourceDigest": "sourceDigest",
      },
      {
        "coverage": [
          null,
          0,
          null,
          null,
          null,
          null,
        ],
        "name": "test\\fixtures\\repo\\src\\uncovered.ts",
        "sourceDigest": "sourceDigest",
      },
    ],
  },
}
`;
