// Jest Snapshot v1, https://goo.gl/fbAQLP

exports[`Coveralls submitFromLcov with PR circleci environment makes request to coveralls with correct params 1`] = `
[
  "{"service_job_id":"1","service_name":"circleci","repo_token":"token","service_pull_request":"123","commit_sha":"","source_files":[{"name":"test/fixtures/repo/src/covered.ts","source_digest":"sourceDigest","coverage":[null,1,1,null,0,null,null,null,null,null],"branches":[1,0,0,1,2,1,0,1,2,1,1,0]},{"name":"test/fixtures/repo/src/uncovered.ts","source_digest":"sourceDigest","coverage":[null,0,null,null,null,null],"branches":[]}],"git":{"head":{"id":"0d15c65a92b7c3642883a528da8dd4841accde21","author_name":"test","committer_name":"'facugerstner_29@hotmail.com'\\n","message":"add missing snapshot\\n\\n"},"branch":"main\\n","remotes":[{"name":"origin","url":"https://github.com/Azowyl/coveralls-go.git\\n"}]}}",
]
`;

exports[`Coveralls submitFromLcov with no PR circleci environment makes request to coveralls with correct params 1`] = `
[
  "{"service_job_id":"1","service_name":"circleci","repo_token":"token","service_pull_request":"","commit_sha":"","source_files":[{"name":"test/fixtures/repo/src/covered.ts","source_digest":"sourceDigest","coverage":[null,1,1,null,0,null,null,null,null,null],"branches":[1,0,0,1,2,1,0,1,2,1,1,0]},{"name":"test/fixtures/repo/src/uncovered.ts","source_digest":"sourceDigest","coverage":[null,0,null,null,null,null],"branches":[]}],"git":{"head":{"id":"0d15c65a92b7c3642883a528da8dd4841accde21","author_name":"test","committer_name":"'facugerstner_29@hotmail.com'\\n","message":"add missing snapshot\\n\\n"},"branch":"main\\n","remotes":[{"name":"origin","url":"https://github.com/Azowyl/coveralls-go.git\\n"}]}}",
]
`;
