// Jest Snapshot v1, https://goo.gl/fbAQLP

exports[`Coveralls submitFromLcov with circleci environment makes request to coveralls with correct params 1`] = `
[
  {
    "data": FormData {
      "_boundary": "--------------------------096415358590663923762512",
      "_currentStream": null,
      "_insideLoop": false,
      "_overheadLength": 166,
      "_pendingNext": false,
      "_released": false,
      "_streams": [
        "----------------------------096415358590663923762512
Content-Disposition: form-data; name="json_file"; filename="utf-8"
Content-Type: application/octet-stream

",
        {
          "data": [
            123,
            34,
            115,
            101,
            114,
            118,
            105,
            99,
            101,
            74,
            111,
            98,
            73,
            100,
            34,
            58,
            34,
            49,
            34,
            44,
            34,
            115,
            101,
            114,
            118,
            105,
            99,
            101,
            78,
            97,
            109,
            101,
            34,
            58,
            34,
            99,
            105,
            114,
            99,
            108,
            101,
            99,
            105,
            34,
            44,
            34,
            115,
            101,
            114,
            118,
            105,
            99,
            101,
            80,
            117,
            108,
            108,
            82,
            101,
            113,
            117,
            101,
            115,
            116,
            34,
            58,
            34,
            115,
            104,
            97,
            34,
            44,
            34,
            99,
            111,
            109,
            109,
            105,
            116,
            83,
            104,
            97,
            34,
            58,
            34,
            115,
            104,
            97,
            34,
            44,
            34,
            115,
            111,
            117,
            114,
            99,
            101,
            70,
            105,
            108,
            101,
            115,
            34,
            58,
            91,
            123,
            34,
            110,
            97,
            109,
            101,
            34,
            58,
            34,
            116,
            101,
            115,
            116,
            92,
            92,
            102,
            105,
            120,
            116,
            117,
            114,
            101,
            115,
            92,
            92,
            114,
            101,
            112,
            111,
            92,
            92,
            115,
            114,
            99,
            92,
            92,
            99,
            111,
            118,
            101,
            114,
            101,
            100,
            46,
            116,
            115,
            34,
            44,
            34,
            115,
            111,
            117,
            114,
            99,
            101,
            68,
            105,
            103,
            101,
            115,
            116,
            34,
            58,
            34,
            49,
            52,
            48,
            44,
            49,
            54,
            56,
            44,
            50,
            52,
            57,
            44,
            48,
            44,
            49,
            50,
            49,
            44,
            53,
            52,
            44,
            49,
            50,
            57,
            44,
            49,
            53,
            52,
            44,
            49,
            51,
            57,
            44,
            57,
            50,
            44,
            50,
            48,
            51,
            44,
            49,
            53,
            44,
            56,
            56,
            44,
            52,
            53,
            44,
            57,
            50,
            44,
            49,
            50,
            52,
            34,
            44,
            34,
            99,
            111,
            118,
            101,
            114,
            97,
            103,
            101,
            34,
            58,
            91,
            110,
            117,
            108,
            108,
            44,
            49,
            44,
            110,
            117,
            108,
            108,
            44,
            110,
            117,
            108,
            108,
            44,
            110,
            117,
            108,
            108,
            93,
            125,
            44,
            123,
            34,
            110,
            97,
            109,
            101,
            34,
            58,
            34,
            116,
            101,
            115,
            116,
            92,
            92,
            102,
            105,
            120,
            116,
            117,
            114,
            101,
            115,
            92,
            92,
            114,
            101,
            112,
            111,
            92,
            92,
            115,
            114,
            99,
            92,
            92,
            117,
            110,
            99,
            111,
            118,
            101,
            114,
            101,
            100,
            46,
            116,
            115,
            34,
            44,
            34,
            115,
            111,
            117,
            114,
            99,
            101,
            68,
            105,
            103,
            101,
            115,
            116,
            34,
            58,
            34,
            49,
            52,
            57,
            44,
            49,
            57,
            44,
            49,
            48,
            56,
            44,
            49,
            57,
            52,
            44,
            49,
            53,
            49,
            44,
            54,
            52,
            44,
            55,
            55,
            44,
            56,
            48,
            44,
            49,
            55,
            51,
            44,
            56,
            49,
            44,
            56,
            50,
            44,
            49,
            49,
            49,
            44,
            50,
            48,
            56,
            44,
            49,
            51,
            54,
            44,
            51,
            56,
            44,
            50,
            48,
            50,
            34,
            44,
            34,
            99,
            111,
            118,
            101,
            114,
            97,
            103,
            101,
            34,
            58,
            91,
            110,
            117,
            108,
            108,
            44,
            48,
            44,
            110,
            117,
            108,
            108,
            44,
            110,
            117,
            108,
            108,
            44,
            110,
            117,
            108,
            108,
            93,
            125,
            93,
            125,
          ],
          "type": "Buffer",
        },
        [Function],
      ],
      "_valueLength": 423,
      "_valuesToMeasure": [],
      "dataSize": 0,
      "maxDataSize": 2097152,
      "pauseStreams": true,
      "readable": true,
      "writable": false,
    },
    "headers": {
      "content-type": "multipart/form-data; boundary=--------------------------096415358590663923762512",
    },
    "method": "POST",
    "url": "https://coveralls.io/api/v1/jobs",
  },
]
`;
