// Jest Snapshot v1, https://goo.gl/fbAQLP

exports[`Coveralls submitFromLcov with circleci environment makes request to coveralls with correct params 1`] = `
[
  {
    "data": {
      "commitSha": "sha",
      "repoToken": undefined,
      "serviceJobId": "1",
      "serviceName": "circleci",
      "servicePullRequest": "sha",
      "sourceFiles": [
        {
          "coverage": [
            null,
            1,
            null,
            null,
            null,
          ],
          "name": "test\\fixtures\\repo\\src\\covered.ts",
          "sourceDigest": "140,168,249,0,121,54,129,154,139,92,203,15,88,45,92,124",
        },
        {
          "coverage": [
            null,
            0,
            null,
            null,
            null,
          ],
          "name": "test\\fixtures\\repo\\src\\uncovered.ts",
          "sourceDigest": "149,19,108,194,151,64,77,80,173,81,82,111,208,136,38,202",
        },
      ],
    },
    "method": "POST",
    "url": "https://coveralls.io/api/v1/jobs",
  },
]
`;
